// Jest Snapshot v1, https://goo.gl/fbAQLP

exports[`should render ExpenseListItem with expense 1`] = `
<div>
  <Link
    replace={false}
    to="/edit/2"
  >
    <h4>
      React Complete
    </h4>
  </Link>
  <p>
    10
     - 
    -345600000
  </p>
</div>
`;
